14:53:24 **** Incremental Build of configuration Release for project EstMet ****
make -r all 
Building file: ../Main.cpp
Invoking: MCU C++ Compiler
arm-none-eabi-c++ -D__NEWLIB__ -D__CODE_RED -DCPP_USE_HEAP -DMBED_BUILD_TIMESTAMP=1445025855.48 -D__CORTEX_M3 -DTOOLCHAIN_GCC -DARM_MATH_CM3 -DTARGET_CORTEX_M -DTARGET_LPC176X -DTARGET_NXP -DTARGET_MBED_LPC1768 -DTARGET_LPC1768 -DTARGET_M3 -DTOOLCHAIN_GCC_CR -D__MBED__=1 -I"C:\EstacaoMet\EstMet" -I"C:\EstacaoMet\EstMet\ConfigFile" -I"C:\EstacaoMet\EstMet\GPS" -I"C:\EstacaoMet\EstMet\nRF24L01P" -I"C:\EstacaoMet\EstMet\PowerControl" -I"C:\EstacaoMet\EstMet\SHTx" -I"C:\EstacaoMet\EstMet\Logger" -I"C:\EstacaoMet\EstMet\mbed" -I"C:\EstacaoMet\EstMet\mbed\TARGET_LPC1768" -I"C:\EstacaoMet\EstMet\mbed\TARGET_LPC1768\TARGET_NXP" -I"C:\EstacaoMet\EstMet\mbed\TARGET_LPC1768\TARGET_NXP\TARGET_LPC176X" -I"C:\EstacaoMet\EstMet\mbed\TARGET_LPC1768\TARGET_NXP\TARGET_LPC176X\TARGET_MBED_LPC1768" -I"C:\EstacaoMet\EstMet\mbed\TARGET_LPC1768\TOOLCHAIN_GCC_CR" -Os -Os -g -Wall -c -fmessage-length=0 -fno-builtin -ffunction-sections -fdata-sections -fno-exceptions -fno-rtti -mcpu=cortex-m3 -mthumb -D__NEWLIB__ -MMD -MP -MF"Main.d" -MT"Main.o" -MT"Main.d" -o "Main.o" "../Main.cpp"
Finished building: ../Main.cpp
 
Building target: EstMet.axf
Invoking: MCU C++ Linker
arm-none-eabi-c++ -nostdlib -L"C:\EstacaoMet\EstMet" -L"C:\EstacaoMet\EstMet\ConfigFile" -L"C:\EstacaoMet\EstMet\GPS" -L"C:\EstacaoMet\EstMet\nRF24L01P" -L"C:\EstacaoMet\EstMet\PowerControl" -L"C:\EstacaoMet\EstMet\SHTx" -L"C:\EstacaoMet\EstMet\Logger" -L"C:\EstacaoMet\EstMet\mbed" -L"C:\EstacaoMet\EstMet\mbed\TARGET_LPC1768" -L"C:\EstacaoMet\EstMet\mbed\TARGET_LPC1768\TARGET_NXP" -L"C:\EstacaoMet\EstMet\mbed\TARGET_LPC1768\TARGET_NXP\TARGET_LPC176X" -L"C:\EstacaoMet\EstMet\mbed\TARGET_LPC1768\TARGET_NXP\TARGET_LPC176X\TARGET_MBED_LPC1768" -L"C:\EstacaoMet\EstMet\mbed\TARGET_LPC1768\TOOLCHAIN_GCC_CR" -Xlinker -Map="EstMet.map" -Xlinker --gc-sections -mcpu=cortex-m3 -mthumb -T "C:\EstacaoMet\EstMet\mbed\TARGET_LPC1768\TOOLCHAIN_GCC_CR\LPC1768.ld" -o "EstMet.axf"  ./nRF24L01P/nRF24L01P.o  ./SHTx/i2c.o ./SHTx/sht15.o  ./PowerControl/EthernetPowerControl.o  ./GPS/GPS.o  ./ConfigFile/ConfigFile.o  ./DadosLeitura.o ./EstacaoMet.o ./FrequencyCounter.o ./Main.o ./PulseIn.o ./Watchdog.o ./Wetting.o  C:/EstacaoMet/EstMet/mbed/TARGET_LPC1768/TOOLCHAIN_GCC_CR/board.o C:/EstacaoMet/EstMet/mbed/TARGET_LPC1768/TOOLCHAIN_GCC_CR/cmsis_nvic.o C:/EstacaoMet/EstMet/mbed/TARGET_LPC1768/TOOLCHAIN_GCC_CR/retarget.o C:/EstacaoMet/EstMet/mbed/TARGET_LPC1768/TOOLCHAIN_GCC_CR/startup_LPC17xx.o C:/EstacaoMet/EstMet/mbed/TARGET_LPC1768/TOOLCHAIN_GCC_CR/system_LPC17xx.o -lmbed
Finished building target: EstMet.axf
 
/usr/bin/make --no-print-directory post-build
Performing post-build steps
arm-none-eabi-size "EstMet.axf"; arm-none-eabi-objcopy -O binary "EstMet.axf" "EstMet.bin" ; #checksum -p LPC1768 -d "EstMet.bin";
   text	   data	    bss	    dec	    hex	filename
  29560	   2212	    620	  32392	   7e88	EstMet.axf
 

14:53:42 Build Finished (took 18s.643ms)

